RAM Allocation [bytes]
Variable                                                                          Address   Size
------------------------------------------------------------------------------------------------
adc_data                                                                          0x064B      14
input_index                                                                       0x0659       1
WiiCamData                                                                        0x065A      56
wheelEncoder                                                                      0x0692       4
ultrasonic_data                                                                   0x0696      10
_seed                                                                             0x06A0       4
_base_y                                                                           0x06A4       4
_lcd_maxx                                                                         0x06A8       1

EEPROM Allocation [bytes]
Variable                                                                          Address   Size
------------------------------------------------------------------------------------------------

Register Allocation
Variable                                                                          Register  Size
------------------------------------------------------------------------------------------------
state                                                                             R4,R5        2
state_info                                                                        R6,R7        2
engine_dir                                                                        R8,R9        2
wiicamstate                                                                       R10,R11      2
_lcd_x                                                                            R13          1
_lcd_y                                                                            R12          1

FLASH Allocation [words]
Function                                                                          Address   Size
------------------------------------------------------------------------------------------------
port_init                                                                         0x00187     15
interrupt_init                                                                    0x00196     11
timer_init                                                                        0x001A1     59
adc_isr                                                                           0x001DC     46
adc_init                                                                          0x0020A      7
wii_cam_write                                                                     0x00211     20
wii_cam_init                                                                      0x00225     26
wii_cam_read                                                                      0x0023F    124
ext_int4_isr                                                                      0x002BB      5
ext_int6_isr                                                                      0x002C0     16
wheelencoder_init                                                                 0x002D0     12
timer3_capt_isr                                                                   0x002DC    102
timer3_compa_isr                                                                  0x00342     12
ultrasonic_init                                                                   0x0034E      7
initialize                                                                        0x00355     10
demo                                                                              0x0035F     24
DEMOSTATE_ULTRASONIC                                                              0x00377     21
DEMOSTATE_DISTANCE_SENSOR                                                         0x0038C     41
DEMOSTATE_ENGINE                                                                  0x003B5     57
DEMOSTATE_LIGHTSENSOR                                                             0x003EE     39
DEMOSTATE_LINE_SENSOR                                                             0x00415     41
DEMOSTATE_WIICAM                                                                  0x0043E     66
DEMOSTATE_MACHINE                                                                 0x00480    108
main                                                                              0x004EC      4
itoa                                                                              0x004F0     46
_lcd_delay_G101                                                                   0x0051E      4
_lcd_ready                                                                        0x00522     17
_lcd_write_nibble_G101                                                            0x00533     10
_lcd_write_data                                                                   0x0053D     15
_lcd_read_nibble_G101                                                             0x0054C      9
lcd_read_byte0_G101                                                               0x00555      9
lcd_gotoxy                                                                        0x0055E     16
lcd_clear                                                                         0x0056E     19
lcd_putchar                                                                       0x00581     28
lcd_puts                                                                          0x0059D     17
_long_delay_G101                                                                  0x005AE      5
_lcd_init_write_G101                                                              0x005B3     12
lcd_init                                                                          0x005BF     52
